../Core/Src/main.c:170:6:LCD_WriteCommand	16	static
../Core/Src/main.c:181:6:LCD_WriteData	16	static
../Core/Src/main.c:193:6:LCD_WriteDataBytes	16	static
../Core/Src/main.c:205:6:ILI9341_SetAddressWindow	32	static
../Core/Src/main.c:226:6:ILI9341_FillScreen	32	static
../Core/Src/main.c:251:6:ILI9341_FillRect	32	static
../Core/Src/main.c:283:6:ILI9341_DrawChar	40	static
../Core/Src/main.c:317:6:ILI9341_DrawString	40	static
../Core/Src/main.c:328:6:ILI9341_AnimateScreensaver	80	static
../Core/Src/main.c:424:6:ILI9341_Init	8	static
../Core/Src/main.c:487:5:main	8	static
../Core/Src/main.c:505:6:SystemClock_Config	88	static
../Core/Src/main.c:532:13:MX_SPI1_Init	8	static
../Core/Src/main.c:549:13:MX_GPIO_Init	40	static
../Core/Src/main.c:564:6:Error_Handler	4	static,ignoring_inline_asm
