../Core/Src/main.c:170:6:LCD_WriteCommand	1
../Core/Src/main.c:181:6:LCD_WriteData	1
../Core/Src/main.c:193:6:LCD_WriteDataBytes	1
../Core/Src/main.c:205:6:ILI9341_SetAddressWindow	1
../Core/Src/main.c:226:6:ILI9341_FillScreen	3
../Core/Src/main.c:251:6:ILI9341_FillRect	7
../Core/Src/main.c:283:6:ILI9341_DrawChar	8
../Core/Src/main.c:317:6:ILI9341_DrawString	2
../Core/Src/main.c:328:6:ILI9341_AnimateScreensaver	7
../Core/Src/main.c:424:6:ILI9341_Init	1
../Core/Src/main.c:487:5:main	1
../Core/Src/main.c:505:6:SystemClock_Config	3
../Core/Src/main.c:532:13:MX_SPI1_Init	2
../Core/Src/main.c:549:13:MX_GPIO_Init	1
../Core/Src/main.c:564:6:Error_Handler	1
